[2026-10-04 15:11:47] [INFO] [run_single_experiment.py:156] ==================================================================
[2026-10-04 15:11:47] [INFO] [run_single_experiment.py:157]              RUNNING EXPERIMENT: EXP-1                   
[2026-10-04 15:11:47] [INFO] [run_single_experiment.py:158] ==================================================================
[2026-10-04 15:11:47] [INFO] [run_single_experiment.py:161] Device: cuda (NVIDIA GeForce RTX 4060 Laptop GPU)
[2026-10-04 15:12:15] [INFO] [run_single_experiment.py:156] ==================================================================
[2026-10-04 15:12:15] [INFO] [run_single_experiment.py:157]              RUNNING EXPERIMENT: EXP-1                   
[2026-10-04 15:12:15] [INFO] [run_single_experiment.py:158] ==================================================================
[2026-10-04 15:12:15] [INFO] [run_single_experiment.py:161] Device: cuda (NVIDIA GeForce RTX 4060 Laptop GPU)
[2026-10-04 15:12:16] [INFO] [run_single_experiment.py:167] Model: SeniorResNetBiLSTM | Frequency: fft
[2026-10-04 15:12:16] [INFO] [run_single_experiment.py:168] Total Params: 28,231,233 | Trainable Params: 4,723,201
[2026-10-04 15:12:16] [INFO] [run_single_experiment.py:195] Loaded train: 3500 samples | val: 750 samples
[2026-10-04 15:12:16] [INFO] [train.py:58] Using device: cuda (NVIDIA GeForce RTX 4060 Laptop GPU)
[2026-10-04 15:12:16] [INFO] [train.py:59] Starting training for 30 epochs on 3500 train samples, 750 val samples.
[2026-10-04 17:38:45] [INFO] [run_single_experiment.py:156] ==================================================================
[2026-10-04 17:38:45] [INFO] [run_single_experiment.py:157]              RUNNING EXPERIMENT: EXP-1                   
[2026-10-04 17:38:45] [INFO] [run_single_experiment.py:158] ==================================================================
[2026-10-04 17:38:45] [INFO] [run_single_experiment.py:161] Device: cuda (NVIDIA GeForce RTX 4060 Laptop GPU)
[2026-10-04 17:38:46] [INFO] [run_single_experiment.py:167] Model: SeniorResNetBiLSTM | Frequency: fft
[2026-10-04 17:38:46] [INFO] [run_single_experiment.py:168] Total Params: 28,231,233 | Trainable Params: 4,723,201
[2026-10-04 17:38:46] [INFO] [run_single_experiment.py:195] Loaded train: 3500 samples | val: 750 samples
[2026-10-04 17:38:46] [INFO] [train.py:58] Using device: cuda (NVIDIA GeForce RTX 4060 Laptop GPU)
[2026-10-04 17:38:46] [INFO] [train.py:59] Starting training for 30 epochs on 3500 train samples, 750 val samples.
[2026-10-04 18:03:32] [INFO] [run_single_experiment.py:156] ==================================================================
[2026-10-04 18:03:32] [INFO] [run_single_experiment.py:157]              RUNNING EXPERIMENT: EXP-1                   
[2026-10-04 18:03:32] [INFO] [run_single_experiment.py:158] ==================================================================
[2026-10-04 18:03:32] [INFO] [run_single_experiment.py:161] Device: cuda (NVIDIA GeForce RTX 4060 Laptop GPU)
[2026-10-04 18:03:33] [INFO] [run_single_experiment.py:167] Model: SeniorResNetBiLSTM | Frequency: fft
[2026-10-04 18:03:33] [INFO] [run_single_experiment.py:168] Total Params: 28,231,233 | Trainable Params: 4,723,201
[2026-10-04 18:03:33] [INFO] [run_single_experiment.py:195] Loaded train: 3500 samples | val: 750 samples
[2026-10-04 18:03:33] [INFO] [train.py:58] Using device: cuda (NVIDIA GeForce RTX 4060 Laptop GPU)
[2026-10-04 18:03:33] [INFO] [train.py:59] Starting training for 30 epochs on 3500 train samples, 750 val samples.
[2026-10-04 18:11:38] [INFO] [train.py:123] Epoch 01/30 | Train Loss: 0.5060 | Val Loss: 0.4889 | Val Acc: 0.8000 | Val Bal Acc: 0.5000 | Val F1: 0.8889 | Val AUC: 0.6552 | LR: 9.97e-05 | Time: 484.3s
[2026-10-04 18:19:42] [INFO] [train.py:123] Epoch 02/30 | Train Loss: 0.4835 | Val Loss: 0.4570 | Val Acc: 0.8000 | Val Bal Acc: 0.5000 | Val F1: 0.8889 | Val AUC: 0.7321 | LR: 9.89e-05 | Time: 483.8s
[2026-10-04 18:26:49] [INFO] [train.py:123] Epoch 03/30 | Train Loss: 0.4496 | Val Loss: 0.4280 | Val Acc: 0.8147 | Val Bal Acc: 0.6542 | Val F1: 0.8884 | Val AUC: 0.7803 | LR: 9.76e-05 | Time: 427.1s
[2026-10-04 18:34:56] [INFO] [train.py:123] Epoch 04/30 | Train Loss: 0.4194 | Val Loss: 0.4527 | Val Acc: 0.7840 | Val Bal Acc: 0.7375 | Val F1: 0.8579 | Val AUC: 0.8001 | LR: 9.57e-05 | Time: 486.4s
[2026-10-04 18:43:29] [INFO] [train.py:123] Epoch 05/30 | Train Loss: 0.3898 | Val Loss: 0.4010 | Val Acc: 0.8347 | Val Bal Acc: 0.6692 | Val F1: 0.9014 | Val AUC: 0.8168 | LR: 9.34e-05 | Time: 512.6s
[2026-10-04 18:50:48] [INFO] [train.py:123] Epoch 06/30 | Train Loss: 0.3977 | Val Loss: 0.3904 | Val Acc: 0.8280 | Val Bal Acc: 0.6625 | Val F1: 0.8972 | Val AUC: 0.8180 | LR: 9.05e-05 | Time: 438.5s
[2026-10-04 18:58:12] [INFO] [train.py:123] Epoch 07/30 | Train Loss: 0.3720 | Val Loss: 0.3855 | Val Acc: 0.8373 | Val Bal Acc: 0.7358 | Val F1: 0.8990 | Val AUC: 0.8279 | LR: 8.73e-05 | Time: 443.5s
[2026-10-04 19:05:07] [INFO] [train.py:123] Epoch 08/30 | Train Loss: 0.3539 | Val Loss: 0.4034 | Val Acc: 0.8227 | Val Bal Acc: 0.7517 | Val F1: 0.8870 | Val AUC: 0.8308 | LR: 8.36e-05 | Time: 414.4s
[2026-10-04 19:12:09] [INFO] [train.py:123] Epoch 09/30 | Train Loss: 0.3444 | Val Loss: 0.3721 | Val Acc: 0.8360 | Val Bal Acc: 0.7300 | Val F1: 0.8984 | Val AUC: 0.8460 | LR: 7.96e-05 | Time: 422.1s
[2026-10-04 19:19:08] [INFO] [train.py:123] Epoch 10/30 | Train Loss: 0.3435 | Val Loss: 0.3844 | Val Acc: 0.8227 | Val Bal Acc: 0.7392 | Val F1: 0.8880 | Val AUC: 0.8430 | LR: 7.52e-05 | Time: 418.3s
[2026-10-04 19:26:12] [INFO] [train.py:123] Epoch 11/30 | Train Loss: 0.3399 | Val Loss: 0.3965 | Val Acc: 0.8347 | Val Bal Acc: 0.7817 | Val F1: 0.8938 | Val AUC: 0.8477 | LR: 7.06e-05 | Time: 423.5s
[2026-10-04 19:33:08] [INFO] [train.py:123] Epoch 12/30 | Train Loss: 0.3146 | Val Loss: 0.4031 | Val Acc: 0.8293 | Val Bal Acc: 0.7508 | Val F1: 0.8921 | Val AUC: 0.8480 | LR: 6.58e-05 | Time: 415.9s
[2026-10-04 19:40:14] [INFO] [train.py:123] Epoch 13/30 | Train Loss: 0.3065 | Val Loss: 0.3949 | Val Acc: 0.8267 | Val Bal Acc: 0.7617 | Val F1: 0.8893 | Val AUC: 0.8484 | LR: 6.08e-05 | Time: 425.9s
[2026-10-04 19:47:27] [INFO] [train.py:123] Epoch 14/30 | Train Loss: 0.2973 | Val Loss: 0.3923 | Val Acc: 0.8413 | Val Bal Acc: 0.7383 | Val F1: 0.9017 | Val AUC: 0.8499 | LR: 5.57e-05 | Time: 431.9s
[2026-10-04 19:54:22] [INFO] [train.py:123] Epoch 15/30 | Train Loss: 0.2651 | Val Loss: 0.4083 | Val Acc: 0.8507 | Val Bal Acc: 0.7292 | Val F1: 0.9089 | Val AUC: 0.8511 | LR: 5.05e-05 | Time: 414.8s
[2026-10-04 20:01:22] [INFO] [train.py:123] Epoch 16/30 | Train Loss: 0.2566 | Val Loss: 0.5250 | Val Acc: 0.7960 | Val Bal Acc: 0.7725 | Val F1: 0.8642 | Val AUC: 0.8514 | LR: 4.53e-05 | Time: 420.0s
[2026-10-04 20:08:36] [INFO] [train.py:123] Epoch 17/30 | Train Loss: 0.2570 | Val Loss: 0.4601 | Val Acc: 0.8480 | Val Bal Acc: 0.7225 | Val F1: 0.9075 | Val AUC: 0.8538 | LR: 4.02e-05 | Time: 433.3s
[2026-10-04 20:15:34] [INFO] [train.py:123] Epoch 18/30 | Train Loss: 0.2434 | Val Loss: 0.4785 | Val Acc: 0.8200 | Val Bal Acc: 0.7775 | Val F1: 0.8829 | Val AUC: 0.8509 | LR: 3.52e-05 | Time: 417.9s
[2026-10-04 20:21:11] [INFO] [train.py:123] Epoch 19/30 | Train Loss: 0.2388 | Val Loss: 0.4291 | Val Acc: 0.8427 | Val Bal Acc: 0.7417 | Val F1: 0.9025 | Val AUC: 0.8494 | LR: 3.04e-05 | Time: 336.6s
[2026-10-04 20:28:36] [INFO] [train.py:123] Epoch 20/30 | Train Loss: 0.2436 | Val Loss: 0.4803 | Val Acc: 0.8440 | Val Bal Acc: 0.7500 | Val F1: 0.9029 | Val AUC: 0.8587 | LR: 2.58e-05 | Time: 444.5s
[2026-10-04 20:34:07] [INFO] [train.py:123] Epoch 21/30 | Train Loss: 0.2380 | Val Loss: 0.5826 | Val Acc: 0.8040 | Val Bal Acc: 0.7625 | Val F1: 0.8716 | Val AUC: 0.8449 | LR: 2.14e-05 | Time: 330.3s
[2026-10-04 20:39:41] [INFO] [train.py:123] Epoch 22/30 | Train Loss: 0.2365 | Val Loss: 0.5225 | Val Acc: 0.8253 | Val Bal Acc: 0.7783 | Val F1: 0.8870 | Val AUC: 0.8517 | LR: 1.74e-05 | Time: 333.9s
[2026-10-04 20:46:10] [INFO] [train.py:123] Epoch 23/30 | Train Loss: 0.2310 | Val Loss: 0.5795 | Val Acc: 0.8107 | Val Bal Acc: 0.7992 | Val F1: 0.8737 | Val AUC: 0.8514 | LR: 1.37e-05 | Time: 389.6s
[2026-10-04 20:53:00] [INFO] [train.py:123] Epoch 24/30 | Train Loss: 0.2149 | Val Loss: 0.5145 | Val Acc: 0.8387 | Val Bal Acc: 0.7792 | Val F1: 0.8970 | Val AUC: 0.8549 | LR: 1.05e-05 | Time: 409.8s
[2026-10-04 20:59:22] [INFO] [train.py:123] Epoch 25/30 | Train Loss: 0.2232 | Val Loss: 0.5432 | Val Acc: 0.8293 | Val Bal Acc: 0.7958 | Val F1: 0.8887 | Val AUC: 0.8607 | LR: 7.63e-06 | Time: 380.9s
[2026-10-04 21:06:19] [INFO] [train.py:123] Epoch 26/30 | Train Loss: 0.2118 | Val Loss: 0.5309 | Val Acc: 0.8293 | Val Bal Acc: 0.7608 | Val F1: 0.8913 | Val AUC: 0.8487 | LR: 5.28e-06 | Time: 416.6s
[2026-10-04 21:13:11] [INFO] [train.py:123] Epoch 27/30 | Train Loss: 0.1825 | Val Loss: 0.5882 | Val Acc: 0.8240 | Val Bal Acc: 0.7900 | Val F1: 0.8850 | Val AUC: 0.8520 | LR: 3.42e-06 | Time: 412.0s
[2026-10-04 21:20:03] [INFO] [train.py:123] Epoch 28/30 | Train Loss: 0.1996 | Val Loss: 0.5408 | Val Acc: 0.8200 | Val Bal Acc: 0.7600 | Val F1: 0.8843 | Val AUC: 0.8554 | LR: 2.08e-06 | Time: 412.0s
[2026-10-04 21:26:39] [INFO] [train.py:123] Epoch 29/30 | Train Loss: 0.1878 | Val Loss: 0.5539 | Val Acc: 0.8347 | Val Bal Acc: 0.7792 | Val F1: 0.8940 | Val AUC: 0.8551 | LR: 1.27e-06 | Time: 396.0s
[2026-10-04 21:33:17] [INFO] [train.py:123] Epoch 30/30 | Train Loss: 0.1989 | Val Loss: 0.5916 | Val Acc: 0.8253 | Val Bal Acc: 0.7983 | Val F1: 0.8854 | Val AUC: 0.8557 | LR: 1.00e-06 | Time: 397.0s
[2026-10-04 21:33:17] [INFO] [train.py:166] Early stopping triggered after 30 epochs (no improvement for 5 epochs).
[2026-10-04 21:33:17] [INFO] [train.py:169] Training completed. Best Val AUC: 0.8607
[2026-10-04 21:34:39] [INFO] [run_single_experiment.py:258] ==================================================================
[2026-10-04 21:34:39] [INFO] [run_single_experiment.py:259]          EXPERIMENT EXP-1 COMPLETED SUCCESSFULLY          
[2026-10-04 21:34:39] [INFO] [run_single_experiment.py:260]  Test Accuracy:         0.7907
[2026-10-04 21:34:39] [INFO] [run_single_experiment.py:261]  Test Balanced Accuracy:0.7442
[2026-10-04 21:34:39] [INFO] [run_single_experiment.py:262]  Test Precision:        0.9079
[2026-10-04 21:34:39] [INFO] [run_single_experiment.py:263]  Test Recall:           0.8217
[2026-10-04 21:34:39] [INFO] [run_single_experiment.py:264]  Test F1-Score:         0.8626
[2026-10-04 21:34:39] [INFO] [run_single_experiment.py:265]  Test ROC-AUC:          0.8336
[2026-10-04 21:34:39] [INFO] [run_single_experiment.py:266] ==================================================================
