[2026-10-05 01:18:45] [INFO] [run_single_experiment.py:162] ==================================================================
[2026-10-05 01:18:45] [INFO] [run_single_experiment.py:163]              RUNNING EXPERIMENT: ABL-3                   
[2026-10-05 01:18:45] [INFO] [run_single_experiment.py:164] ==================================================================
[2026-10-05 01:18:45] [INFO] [run_single_experiment.py:167] Device: cuda (NVIDIA GeForce RTX 4060 Laptop GPU)
[2026-10-05 01:18:46] [INFO] [run_single_experiment.py:173] Model: CDTCNetAblationA3 | Frequency: fft
[2026-10-05 01:18:46] [INFO] [run_single_experiment.py:174] Total Params: 30,557,441 | Trainable Params: 2,738,849
[2026-10-05 01:18:46] [INFO] [run_single_experiment.py:201] Loaded train: 3500 samples | val: 750 samples
[2026-10-05 01:18:46] [INFO] [train.py:58] Using device: cuda (NVIDIA GeForce RTX 4060 Laptop GPU)
[2026-10-05 01:18:46] [INFO] [train.py:59] Starting training for 30 epochs on 3500 train samples, 750 val samples.
[2026-10-05 01:21:21] [INFO] [train.py:124] Epoch 01/30 | Train Loss: 0.5143 | Val Loss: 0.4998 | Val Acc: 0.8000 | Val Bal Acc: 0.5000 | Val F1: 0.8889 | Val AUC: 0.5659 | LR: 9.97e-05 | Time: 154.6s
[2026-10-05 01:23:22] [INFO] [train.py:124] Epoch 02/30 | Train Loss: 0.5049 | Val Loss: 0.5050 | Val Acc: 0.8000 | Val Bal Acc: 0.5000 | Val F1: 0.8889 | Val AUC: 0.5829 | LR: 9.89e-05 | Time: 120.8s
[2026-10-06 09:22:49] [INFO] [run_single_experiment.py:162] ==================================================================
[2026-10-06 09:22:49] [INFO] [run_single_experiment.py:163]              RUNNING EXPERIMENT: ABL-3                   
[2026-10-06 09:22:49] [INFO] [run_single_experiment.py:164] ==================================================================
[2026-10-06 09:22:49] [INFO] [run_single_experiment.py:167] Device: cuda (NVIDIA GeForce RTX 4060 Laptop GPU)
[2026-10-06 09:22:49] [INFO] [run_single_experiment.py:173] Model: CDTCNetAblationA3 | Frequency: fft
[2026-10-06 09:22:49] [INFO] [run_single_experiment.py:174] Total Params: 30,557,441 | Trainable Params: 2,738,849
[2026-10-06 09:22:49] [INFO] [run_single_experiment.py:201] Loaded train: 3500 samples | val: 750 samples
[2026-10-06 09:22:50] [INFO] [train.py:58] Using device: cuda (NVIDIA GeForce RTX 4060 Laptop GPU)
[2026-10-06 09:22:50] [INFO] [train.py:59] Starting training for 30 epochs on 3500 train samples, 750 val samples.
[2026-10-06 09:25:27] [INFO] [train.py:124] Epoch 01/30 | Train Loss: 0.5143 | Val Loss: 0.4998 | Val Acc: 0.8000 | Val Bal Acc: 0.5000 | Val F1: 0.8889 | Val AUC: 0.5659 | LR: 9.97e-05 | Time: 157.4s
[2026-10-06 09:27:34] [INFO] [train.py:124] Epoch 02/30 | Train Loss: 0.5049 | Val Loss: 0.5050 | Val Acc: 0.8000 | Val Bal Acc: 0.5000 | Val F1: 0.8889 | Val AUC: 0.5829 | LR: 9.89e-05 | Time: 125.8s
[2026-10-06 09:29:35] [INFO] [train.py:124] Epoch 03/30 | Train Loss: 0.5071 | Val Loss: 0.4994 | Val Acc: 0.8000 | Val Bal Acc: 0.5000 | Val F1: 0.8889 | Val AUC: 0.5754 | LR: 9.76e-05 | Time: 120.8s
[2026-10-06 09:31:36] [INFO] [train.py:124] Epoch 04/30 | Train Loss: 0.5036 | Val Loss: 0.4912 | Val Acc: 0.8000 | Val Bal Acc: 0.5000 | Val F1: 0.8889 | Val AUC: 0.6697 | LR: 9.57e-05 | Time: 121.0s
[2026-10-06 09:33:38] [INFO] [train.py:124] Epoch 05/30 | Train Loss: 0.4932 | Val Loss: 0.4815 | Val Acc: 0.8000 | Val Bal Acc: 0.5000 | Val F1: 0.8889 | Val AUC: 0.6663 | LR: 9.34e-05 | Time: 121.8s
[2026-10-06 09:35:40] [INFO] [train.py:124] Epoch 06/30 | Train Loss: 0.4845 | Val Loss: 0.4957 | Val Acc: 0.7973 | Val Bal Acc: 0.5083 | Val F1: 0.8866 | Val AUC: 0.7025 | LR: 9.05e-05 | Time: 121.6s
[2026-10-06 09:37:42] [INFO] [train.py:124] Epoch 07/30 | Train Loss: 0.4679 | Val Loss: 0.4409 | Val Acc: 0.8027 | Val Bal Acc: 0.5742 | Val F1: 0.8856 | Val AUC: 0.7473 | LR: 8.73e-05 | Time: 121.6s
[2026-10-06 09:39:44] [INFO] [train.py:124] Epoch 08/30 | Train Loss: 0.4554 | Val Loss: 0.4328 | Val Acc: 0.8133 | Val Bal Acc: 0.5908 | Val F1: 0.8918 | Val AUC: 0.7582 | LR: 8.36e-05 | Time: 121.6s
[2026-10-06 09:41:46] [INFO] [train.py:124] Epoch 09/30 | Train Loss: 0.4411 | Val Loss: 0.4549 | Val Acc: 0.7800 | Val Bal Acc: 0.6700 | Val F1: 0.8612 | Val AUC: 0.7612 | LR: 7.96e-05 | Time: 122.5s
[2026-10-06 09:43:49] [INFO] [train.py:124] Epoch 10/30 | Train Loss: 0.4367 | Val Loss: 0.4670 | Val Acc: 0.7800 | Val Bal Acc: 0.6675 | Val F1: 0.8615 | Val AUC: 0.7581 | LR: 7.52e-05 | Time: 122.1s
[2026-10-06 09:45:51] [INFO] [train.py:124] Epoch 11/30 | Train Loss: 0.4274 | Val Loss: 0.4928 | Val Acc: 0.7827 | Val Bal Acc: 0.6267 | Val F1: 0.8672 | Val AUC: 0.7551 | LR: 7.06e-05 | Time: 121.9s
[2026-10-06 09:47:53] [INFO] [train.py:124] Epoch 12/30 | Train Loss: 0.4172 | Val Loss: 0.4800 | Val Acc: 0.8093 | Val Bal Acc: 0.5808 | Val F1: 0.8897 | Val AUC: 0.7432 | LR: 6.58e-05 | Time: 122.2s
[2026-10-06 09:49:55] [INFO] [train.py:124] Epoch 13/30 | Train Loss: 0.4003 | Val Loss: 0.5184 | Val Acc: 0.8013 | Val Bal Acc: 0.6608 | Val F1: 0.8782 | Val AUC: 0.7502 | LR: 6.08e-05 | Time: 122.0s
[2026-10-06 09:51:58] [INFO] [train.py:124] Epoch 14/30 | Train Loss: 0.3939 | Val Loss: 0.5016 | Val Acc: 0.7933 | Val Bal Acc: 0.7033 | Val F1: 0.8685 | Val AUC: 0.7695 | LR: 5.57e-05 | Time: 122.1s
[2026-10-06 09:54:00] [INFO] [train.py:124] Epoch 15/30 | Train Loss: 0.3910 | Val Loss: 0.5180 | Val Acc: 0.7933 | Val Bal Acc: 0.7008 | Val F1: 0.8688 | Val AUC: 0.7792 | LR: 5.05e-05 | Time: 122.3s
[2026-10-06 09:56:03] [INFO] [train.py:124] Epoch 16/30 | Train Loss: 0.3669 | Val Loss: 0.6384 | Val Acc: 0.8040 | Val Bal Acc: 0.6725 | Val F1: 0.8792 | Val AUC: 0.7594 | LR: 4.53e-05 | Time: 122.2s
[2026-10-06 09:58:05] [INFO] [train.py:124] Epoch 17/30 | Train Loss: 0.3691 | Val Loss: 0.8690 | Val Acc: 0.7307 | Val Bal Acc: 0.7092 | Val F1: 0.8157 | Val AUC: 0.7676 | LR: 4.02e-05 | Time: 122.3s
[2026-10-06 10:00:08] [INFO] [train.py:124] Epoch 18/30 | Train Loss: 0.3590 | Val Loss: 0.5930 | Val Acc: 0.7947 | Val Bal Acc: 0.6692 | Val F1: 0.8725 | Val AUC: 0.7744 | LR: 3.52e-05 | Time: 122.4s
[2026-10-06 10:02:10] [INFO] [train.py:124] Epoch 19/30 | Train Loss: 0.3565 | Val Loss: 0.8455 | Val Acc: 0.7627 | Val Bal Acc: 0.7242 | Val F1: 0.8416 | Val AUC: 0.7692 | LR: 3.04e-05 | Time: 122.2s
[2026-10-06 10:04:12] [INFO] [train.py:124] Epoch 20/30 | Train Loss: 0.3214 | Val Loss: 1.0957 | Val Acc: 0.7400 | Val Bal Acc: 0.7100 | Val F1: 0.8238 | Val AUC: 0.7496 | LR: 2.58e-05 | Time: 122.1s
[2026-10-06 10:04:12] [INFO] [train.py:167] Early stopping triggered after 20 epochs (no improvement for 5 epochs).
[2026-10-06 10:04:12] [INFO] [train.py:170] Training completed. Best Val AUC: 0.7792
[2026-10-06 10:04:44] [INFO] [run_single_experiment.py:276] ==================================================================
[2026-10-06 10:04:44] [INFO] [run_single_experiment.py:277]          EXPERIMENT ABL-3 COMPLETED SUCCESSFULLY          
[2026-10-06 10:04:44] [INFO] [run_single_experiment.py:278]  Test Accuracy:         0.7733
[2026-10-06 10:04:44] [INFO] [run_single_experiment.py:279]  Test Balanced Accuracy:0.6783
[2026-10-06 10:04:44] [INFO] [run_single_experiment.py:280]  Test Precision:        0.8746
[2026-10-06 10:04:44] [INFO] [run_single_experiment.py:281]  Test Recall:           0.8367
[2026-10-06 10:04:44] [INFO] [run_single_experiment.py:282]  Test F1-Score:         0.8552
[2026-10-06 10:04:44] [INFO] [run_single_experiment.py:283]  Test ROC-AUC:          0.7258
[2026-10-06 10:04:44] [INFO] [run_single_experiment.py:284] ==================================================================
